INFO:     Will watch for changes in these directories: ['D:\\works\\project\\ezTest\\TestTool']
INFO:     Uvicorn running on http://127.0.0.1:8000 (Press CTRL+C to quit)
INFO:     Started reloader process [13904] using WatchFiles
INFO:     Started server process [5220]
INFO:     Waiting for application startup.
INFO  [alembic.runtime.migration] Context impl PostgresqlImpl.
INFO  [alembic.runtime.migration] Will assume transactional DDL.
WARNING:  WatchFiles detected changes in 'backend\app\services\ai_coverage_llm_service.py'. Reloading...
WARNING:  WatchFiles detected changes in 'backend\app\services\__init__.py', 'backend\app\services\ai_copilot_service.py', 'tests\test_ai_copilot_web_routes.py', 'backend\app\services\ai_coverage_service.py', 'tests\test_ai_copilot_phase2.py'. Reloading...
INFO:     Started server process [19060]
INFO:     Waiting for application startup.
INFO  [alembic.runtime.migration] Context impl PostgresqlImpl.
INFO  [alembic.runtime.migration] Will assume transactional DDL.
INFO:     Started server process [19548]
INFO:     Waiting for application startup.
INFO  [alembic.runtime.migration] Context impl PostgresqlImpl.
INFO  [alembic.runtime.migration] Will assume transactional DDL.
WARNING:  WatchFiles detected changes in 'backend\app\services\ai_coverage_llm_service.py'. Reloading...
WARNING:  WatchFiles detected changes in 'backend\app\services\ai_coverage_service.py', 'backend\app\services\ai_coverage_scan_service.py'. Reloading...
INFO:     Started server process [21160]
INFO:     Waiting for application startup.
INFO  [alembic.runtime.migration] Context impl PostgresqlImpl.
INFO  [alembic.runtime.migration] Will assume transactional DDL.
INFO:     Started server process [20960]
INFO:     Waiting for application startup.
INFO  [alembic.runtime.migration] Context impl PostgresqlImpl.
INFO  [alembic.runtime.migration] Will assume transactional DDL.
WARNING:  WatchFiles detected changes in 'tests\test_ai_copilot_phase2.py'. Reloading...
WARNING:  WatchFiles detected changes in 'backend\app\services\ai_coverage_llm_service.py', 'tests\test_ai_copilot_web_routes.py'. Reloading...
INFO:     Started server process [21076]
INFO:     Waiting for application startup.
INFO  [alembic.runtime.migration] Context impl PostgresqlImpl.
INFO  [alembic.runtime.migration] Will assume transactional DDL.
INFO:     Started server process [20524]
INFO:     Waiting for application startup.
INFO  [alembic.runtime.migration] Context impl PostgresqlImpl.
INFO  [alembic.runtime.migration] Will assume transactional DDL.
WARNING:  WatchFiles detected changes in 'backend\app\services\ai_assertion_llm_service.py'. Reloading...
WARNING:  WatchFiles detected changes in 'backend\app\services\ai_assertion_service.py'. Reloading...
Process SpawnProcess-8:
Traceback (most recent call last):
  File "D:\works\python\Lib\multiprocessing\process.py", line 314, in _bootstrap
    self.run()
  File "D:\works\python\Lib\multiprocessing\process.py", line 108, in run
    self._target(*self._args, **self._kwargs)
  File "D:\works\python\Lib\site-packages\uvicorn\_subprocess.py", line 80, in subprocess_started
    target(sockets=sockets)
  File "D:\works\python\Lib\site-packages\uvicorn\server.py", line 75, in run
    return asyncio_run(self.serve(sockets=sockets), loop_factory=self.config.get_loop_factory())
           ^^^^^^^^^^^^^^^^^^^^^^^^^^^^^^^^^^^^^^^^^^^^^^^^^^^^^^^^^^^^^^^^^^^^^^^^^^^^^^^^^^^^^
  File "D:\works\python\Lib\asyncio\runners.py", line 195, in run
    return runner.run(main)
           ^^^^^^^^^^^^^^^^
  File "D:\works\python\Lib\asyncio\runners.py", line 118, in run
    return self._loop.run_until_complete(task)
           ^^^^^^^^^^^^^^^^^^^^^^^^^^^^^^^^^^^
  File "D:\works\python\Lib\asyncio\base_events.py", line 691, in run_until_complete
    return future.result()
           ^^^^^^^^^^^^^^^
  File "D:\works\python\Lib\site-packages\uvicorn\server.py", line 79, in serve
    await self._serve(sockets)
  File "D:\works\python\Lib\site-packages\uvicorn\server.py", line 86, in _serve
    config.load()
  File "D:\works\python\Lib\site-packages\uvicorn\config.py", line 441, in load
    self.loaded_app = import_from_string(self.app)
                      ^^^^^^^^^^^^^^^^^^^^^^^^^^^^
  File "D:\works\python\Lib\site-packages\uvicorn\importer.py", line 22, in import_from_string
    raise exc from None
  File "D:\works\python\Lib\site-packages\uvicorn\importer.py", line 19, in import_from_string
    module = importlib.import_module(module_str)
             ^^^^^^^^^^^^^^^^^^^^^^^^^^^^^^^^^^^
  File "D:\works\python\Lib\importlib\__init__.py", line 90, in import_module
    return _bootstrap._gcd_import(name[level:], package, level)
           ^^^^^^^^^^^^^^^^^^^^^^^^^^^^^^^^^^^^^^^^^^^^^^^^^^^^
  File "<frozen importlib._bootstrap>", line 1387, in _gcd_import
  File "<frozen importlib._bootstrap>", line 1360, in _find_and_load
  File "<frozen importlib._bootstrap>", line 1331, in _find_and_load_unlocked
  File "<frozen importlib._bootstrap>", line 935, in _load_unlocked
  File "<frozen importlib._bootstrap_external>", line 999, in exec_module
  File "<frozen importlib._bootstrap>", line 488, in _call_with_frames_removed
  File "D:\works\project\ezTest\TestTool\backend\main.py", line 1, in <module>
    from backend.app.main import app
  File "D:\works\project\ezTest\TestTool\backend\app\main.py", line 12, in <module>
    from backend.app.api.router import api_router
  File "D:\works\project\ezTest\TestTool\backend\app\api\router.py", line 4, in <module>
    from backend.app.api.routes import ai_case_drafts, ai_copilot, audit_logs, auth, cases, environments, executions, health, imports, projects, reports, suites, users
  File "D:\works\project\ezTest\TestTool\backend\app\api\routes\ai_case_drafts.py", line 8, in <module>
    from backend.app.api.dependencies.auth import require_roles
  File "D:\works\project\ezTest\TestTool\backend\app\api\dependencies\__init__.py", line 1, in <module>
    from backend.app.api.dependencies.auth import bearer_scheme, require_authenticated_user, require_roles
  File "D:\works\project\ezTest\TestTool\backend\app\api\dependencies\auth.py", line 11, in <module>
    from backend.app.services.auth_service import AuthService
  File "D:\works\project\ezTest\TestTool\backend\app\services\__init__.py", line 4, in <module>
    from backend.app.services.ai_assertion_service import AiAssertionService
ModuleNotFoundError: No module named 'backend.app.services.ai_assertion_service'
Process SpawnProcess-9:
Traceback (most recent call last):
  File "D:\works\python\Lib\multiprocessing\process.py", line 314, in _bootstrap
    self.run()
  File "D:\works\python\Lib\multiprocessing\process.py", line 108, in run
    self._target(*self._args, **self._kwargs)
  File "D:\works\python\Lib\site-packages\uvicorn\_subprocess.py", line 80, in subprocess_started
    target(sockets=sockets)
  File "D:\works\python\Lib\site-packages\uvicorn\server.py", line 75, in run
    return asyncio_run(self.serve(sockets=sockets), loop_factory=self.config.get_loop_factory())
           ^^^^^^^^^^^^^^^^^^^^^^^^^^^^^^^^^^^^^^^^^^^^^^^^^^^^^^^^^^^^^^^^^^^^^^^^^^^^^^^^^^^^^
  File "D:\works\python\Lib\asyncio\runners.py", line 195, in run
    return runner.run(main)
           ^^^^^^^^^^^^^^^^
  File "D:\works\python\Lib\asyncio\runners.py", line 118, in run
    return self._loop.run_until_complete(task)
           ^^^^^^^^^^^^^^^^^^^^^^^^^^^^^^^^^^^
  File "D:\works\python\Lib\asyncio\base_events.py", line 691, in run_until_complete
    return future.result()
           ^^^^^^^^^^^^^^^
  File "D:\works\python\Lib\site-packages\uvicorn\server.py", line 79, in serve
    await self._serve(sockets)
  File "D:\works\python\Lib\site-packages\uvicorn\server.py", line 86, in _serve
    config.load()
  File "D:\works\python\Lib\site-packages\uvicorn\config.py", line 441, in load
    self.loaded_app = import_from_string(self.app)
                      ^^^^^^^^^^^^^^^^^^^^^^^^^^^^
  File "D:\works\python\Lib\site-packages\uvicorn\importer.py", line 22, in import_from_string
    raise exc from None
  File "D:\works\python\Lib\site-packages\uvicorn\importer.py", line 19, in import_from_string
    module = importlib.import_module(module_str)
             ^^^^^^^^^^^^^^^^^^^^^^^^^^^^^^^^^^^
  File "D:\works\python\Lib\importlib\__init__.py", line 90, in import_module
    return _bootstrap._gcd_import(name[level:], package, level)
           ^^^^^^^^^^^^^^^^^^^^^^^^^^^^^^^^^^^^^^^^^^^^^^^^^^^^
  File "<frozen importlib._bootstrap>", line 1387, in _gcd_import
  File "<frozen importlib._bootstrap>", line 1360, in _find_and_load
  File "<frozen importlib._bootstrap>", line 1331, in _find_and_load_unlocked
  File "<frozen importlib._bootstrap>", line 935, in _load_unlocked
  File "<frozen importlib._bootstrap_external>", line 999, in exec_module
  File "<frozen importlib._bootstrap>", line 488, in _call_with_frames_removed
  File "D:\works\project\ezTest\TestTool\backend\main.py", line 1, in <module>
    from backend.app.main import app
  File "D:\works\project\ezTest\TestTool\backend\app\main.py", line 12, in <module>
    from backend.app.api.router import api_router
  File "D:\works\project\ezTest\TestTool\backend\app\api\router.py", line 4, in <module>
    from backend.app.api.routes import ai_case_drafts, ai_copilot, audit_logs, auth, cases, environments, executions, health, imports, projects, reports, suites, users
  File "D:\works\project\ezTest\TestTool\backend\app\api\routes\ai_case_drafts.py", line 8, in <module>
    from backend.app.api.dependencies.auth import require_roles
  File "D:\works\project\ezTest\TestTool\backend\app\api\dependencies\__init__.py", line 1, in <module>
    from backend.app.api.dependencies.auth import bearer_scheme, require_authenticated_user, require_roles
  File "D:\works\project\ezTest\TestTool\backend\app\api\dependencies\auth.py", line 11, in <module>
    from backend.app.services.auth_service import AuthService
  File "D:\works\project\ezTest\TestTool\backend\app\services\__init__.py", line 4, in <module>
    from backend.app.services.ai_assertion_service import AiAssertionService
ModuleNotFoundError: No module named 'backend.app.services.ai_assertion_service'
WARNING:  WatchFiles detected changes in 'backend\app\services\ai_assertion_service.py'. Reloading...
INFO:     Started server process [6536]
INFO:     Waiting for application startup.
INFO  [alembic.runtime.migration] Context impl PostgresqlImpl.
INFO  [alembic.runtime.migration] Will assume transactional DDL.
WARNING:  WatchFiles detected changes in 'backend\app\services\__init__.py'. Reloading...
INFO:     Started server process [14328]
INFO:     Waiting for application startup.
INFO  [alembic.runtime.migration] Context impl PostgresqlImpl.
INFO  [alembic.runtime.migration] Will assume transactional DDL.
WARNING:  WatchFiles detected changes in 'tests\test_ai_copilot_phase1.py'. Reloading...
WARNING:  WatchFiles detected changes in 'tests\test_ai_copilot_web_routes.py'. Reloading...
INFO:     Started server process [20052]
INFO:     Waiting for application startup.
INFO  [alembic.runtime.migration] Context impl PostgresqlImpl.
INFO  [alembic.runtime.migration] Will assume transactional DDL.
INFO:     Started server process [3920]
INFO:     Waiting for application startup.
INFO  [alembic.runtime.migration] Context impl PostgresqlImpl.
INFO  [alembic.runtime.migration] Will assume transactional DDL.
WARNING:  WatchFiles detected changes in 'backend\app\services\ai_assertion_llm_service.py'. Reloading...
WARNING:  WatchFiles detected changes in 'tests\test_ai_copilot_phase1.py', 'backend\app\services\ai_assertion_service.py'. Reloading...
INFO:     Started server process [11812]
INFO:     Waiting for application startup.
INFO  [alembic.runtime.migration] Context impl PostgresqlImpl.
INFO  [alembic.runtime.migration] Will assume transactional DDL.
INFO:     Started server process [6452]
INFO:     Waiting for application startup.
INFO  [alembic.runtime.migration] Context impl PostgresqlImpl.
INFO  [alembic.runtime.migration] Will assume transactional DDL.
WARNING:  WatchFiles detected changes in 'tests\test_ai_copilot_web_routes.py'. Reloading...
INFO:     Started server process [8132]
INFO:     Waiting for application startup.
INFO  [alembic.runtime.migration] Context impl PostgresqlImpl.
INFO  [alembic.runtime.migration] Will assume transactional DDL.
