
> eazytest-web@0.1.0 dev
> vite


  [32m[1mVITE[22m v6.4.1[39m  [2mready in [0m[1m179[22m[2m[0m ms[22m

  [32m➜[39m  [1mLocal[22m:   [36mhttp://127.0.0.1:[1m5173[22m/[39m
[2m[32m  ➜[39m[22m[2m  press [22m[1mh + enter[22m[2m to show help[22m
[2m14:27:30[22m [36m[1m[vite][22m[39m [90m[2m(client)[22m[39m [32mhmr update [39m[2m/src/auth/AuthContext.tsx, /src/pages/WorkspacePage.tsx, /src/pages/ExecutionsPage.tsx, /src/pages/DashboardPage.tsx[22m
[2m14:27:30[22m [36m[1m[vite][22m[39m [90m[2m(client)[22m[39m [32mhmr update [39m[2m/src/pages/WorkspacePage.tsx[22m
[2m14:27:30[22m [36m[1m[vite][22m[39m [90m[2m(client)[22m[39m [33mhmr invalidate [39m[2m/src/auth/AuthContext.tsx[22m Could not Fast Refresh ("useAuth" export is incompatible). Learn more at https://github.com/vitejs/vite-plugin-react/tree/main/packages/plugin-react#consistent-components-exports
[2m14:27:30[22m [36m[1m[vite][22m[39m [90m[2m(client)[22m[39m [32mhmr update [39m[2m/src/App.tsx, /src/components/shell/AppShell.tsx, /src/pages/WorkspacePage.tsx, /src/pages/ExecutionsPage.tsx, /src/pages/DashboardPage.tsx[22m
[2m14:33:38[22m [36m[1m[vite][22m[39m [90m[2m(client)[22m[39m [32mhmr update [39m[2m/src/components/ai/AiCaseGenerationPanel.tsx[22m
[2m14:34:59[22m [36m[1m[vite][22m[39m [90m[2m(client)[22m[39m [32mhmr update [39m[2m/src/components/ai/AiCaseGenerationPanel.tsx[22m
[2m14:35:14[22m [36m[1m[vite][22m[39m [90m[2m(client)[22m[39m [32mhmr update [39m[2m/src/auth/AuthContext.tsx, /src/pages/WorkspacePage.tsx, /src/pages/ExecutionsPage.tsx, /src/pages/DashboardPage.tsx[22m
[2m14:35:15[22m [36m[1m[vite][22m[39m [90m[2m(client)[22m[39m [33mhmr invalidate [39m[2m/src/auth/AuthContext.tsx[22m Could not Fast Refresh ("useAuth" export is incompatible). Learn more at https://github.com/vitejs/vite-plugin-react/tree/main/packages/plugin-react#consistent-components-exports
[2m14:35:15[22m [36m[1m[vite][22m[39m [90m[2m(client)[22m[39m [32mhmr update [39m[2m/src/App.tsx, /src/components/shell/AppShell.tsx, /src/pages/WorkspacePage.tsx, /src/pages/ExecutionsPage.tsx, /src/pages/DashboardPage.tsx[22m
[2m14:36:16[22m [36m[1m[vite][22m[39m [90m[2m(client)[22m[39m [32mhmr update [39m[2m/src/components/ai/AiCaseGenerationPanel.tsx[22m
[2m14:41:35[22m [36m[1m[vite][22m[39m [90m[2m(client)[22m[39m [32mhmr update [39m[2m/src/auth/AuthContext.tsx, /src/pages/WorkspacePage.tsx, /src/pages/ExecutionsPage.tsx, /src/pages/DashboardPage.tsx, /src/pages/EnvironmentsPage.tsx, /src/pages/ReportsPage.tsx, /src/pages/AuditLogsPage.tsx, /src/pages/UsersPage.tsx[22m
[2m14:41:35[22m [36m[1m[vite][22m[39m [90m[2m(client)[22m[39m [33mhmr invalidate [39m[2m/src/auth/AuthContext.tsx[22m Could not Fast Refresh ("useAuth" export is incompatible). Learn more at https://github.com/vitejs/vite-plugin-react/tree/main/packages/plugin-react#consistent-components-exports
[2m14:41:35[22m [36m[1m[vite][22m[39m [90m[2m(client)[22m[39m [32mhmr update [39m[2m/src/App.tsx, /src/components/shell/AppShell.tsx, /src/pages/WorkspacePage.tsx, /src/pages/ExecutionsPage.tsx, /src/pages/DashboardPage.tsx, /src/pages/EnvironmentsPage.tsx, /src/pages/ReportsPage.tsx, /src/pages/AuditLogsPage.tsx, /src/pages/UsersPage.tsx[22m
[2m14:41:46[22m [36m[1m[vite][22m[39m [90m[2m(client)[22m[39m [32mhmr update [39m[2m/src/components/ai/AiCaseGenerationPanel.tsx[22m
[2m14:43:24[22m [36m[1m[vite][22m[39m [90m[2m(client)[22m[39m [32mhmr update [39m[2m/src/components/ai/AiCaseGenerationPanel.tsx[22m
[2m14:43:45[22m [36m[1m[vite][22m[39m [90m[2m(client)[22m[39m [32mhmr update [39m[2m/src/components/ai/AiCaseGenerationPanel.tsx[22m
[2m14:43:50[22m [36m[1m[vite][22m[39m [90m[2m(client)[22m[39m [32mhmr update [39m[2m/src/components/ai/AiCaseGenerationPanel.tsx[22m
[2m14:48:44[22m [36m[1m[vite][22m[39m [90m[2m(client)[22m[39m [32mhmr update [39m[2m/src/auth/AuthContext.tsx, /src/pages/WorkspacePage.tsx, /src/pages/ExecutionsPage.tsx, /src/pages/DashboardPage.tsx, /src/pages/EnvironmentsPage.tsx, /src/pages/ReportsPage.tsx, /src/pages/AuditLogsPage.tsx, /src/pages/UsersPage.tsx[22m
[2m14:48:44[22m [36m[1m[vite][22m[39m [90m[2m(client)[22m[39m [33mhmr invalidate [39m[2m/src/auth/AuthContext.tsx[22m Could not Fast Refresh ("useAuth" export is incompatible). Learn more at https://github.com/vitejs/vite-plugin-react/tree/main/packages/plugin-react#consistent-components-exports
[2m14:48:44[22m [36m[1m[vite][22m[39m [90m[2m(client)[22m[39m [32mhmr update [39m[2m/src/App.tsx, /src/components/shell/AppShell.tsx, /src/pages/WorkspacePage.tsx, /src/pages/ExecutionsPage.tsx, /src/pages/DashboardPage.tsx, /src/pages/EnvironmentsPage.tsx, /src/pages/ReportsPage.tsx, /src/pages/AuditLogsPage.tsx, /src/pages/UsersPage.tsx[22m
