[2m11:07:15[22m [31m[1m[vite][22m[39m [31mInternal server error: D:\works\project\ezTest\TestTool\frontend\src\pages\WorkspacePage.tsx: Adjacent JSX elements must be wrapped in an enclosing tag. Did you want a JSX fragment <>...</>? (1474:26)

[0m [90m 1472 |[31m                             [33m<[31m[33m/[31m[33mCol[31m[33m>[31m
 [90m 1473 |[31m                           [33m<[31m[33m/[31m[33mRow[31m[33m>[31m
[31m[1m>[22m[31m[90m 1474 |[31m                           [33m<[31m[33mdiv[31m style[33m=[31m{{ marginTop[33m:[31m [35m12[31m }}[33m>[31m
 [90m      |[31m                           [31m[1m^[22m[31m
 [90m 1475 |[31m                             [33m<[31m[33mAiExecutionPreparationPanel[31m
 [90m 1476 |[31m                               canEdit[33m=[31m{canEdit}
 [90m 1477 |[31m                               availableVariants[33m=[31m{savedTestDataVariants}[0m[39m
  Plugin: [35mvite:react-babel[39m
  File: [36mD:/works/project/ezTest/TestTool/frontend/src/pages/WorkspacePage.tsx[39m:1474:26
[33m  1480|                                selectedTemplateIds={executionPreparationTemplateIds}
  1481|                                selectedEnvironmentId={executionPreparationEnvironmentId}
  1482|                                environments={editingEnvironments as Environment[]}
     |                                                                            ^
  1483|                                loading={executionPreparationLoading}
  1484|                                error={executionPreparationError}[39m
      at constructor (D:\works\project\ezTest\TestTool\frontend\node_modules\@babel\parser\lib\index.js:365:19)
      at TypeScriptParserMixin.raise (D:\works\project\ezTest\TestTool\frontend\node_modules\@babel\parser\lib\index.js:6599:19)
      at TypeScriptParserMixin.jsxParseElementAt (D:\works\project\ezTest\TestTool\frontend\node_modules\@babel\parser\lib\index.js:4742:18)
      at TypeScriptParserMixin.jsxParseElement (D:\works\project\ezTest\TestTool\frontend\node_modules\@babel\parser\lib\index.js:4749:17)
      at TypeScriptParserMixin.parseExprAtom (D:\works\project\ezTest\TestTool\frontend\node_modules\@babel\parser\lib\index.js:4759:19)
      at TypeScriptParserMixin.parseExprSubscripts (D:\works\project\ezTest\TestTool\frontend\node_modules\@babel\parser\lib\index.js:11081:23)
      at TypeScriptParserMixin.parseUpdate (D:\works\project\ezTest\TestTool\frontend\node_modules\@babel\parser\lib\index.js:11066:21)
      at TypeScriptParserMixin.parseMaybeUnary (D:\works\project\ezTest\TestTool\frontend\node_modules\@babel\parser\lib\index.js:11046:23)
      at TypeScriptParserMixin.parseMaybeUnary (D:\works\project\ezTest\TestTool\frontend\node_modules\@babel\parser\lib\index.js:9837:18)
      at TypeScriptParserMixin.parseMaybeUnaryOrPrivate (D:\works\project\ezTest\TestTool\frontend\node_modules\@babel\parser\lib\index.js:10899:61)
      at TypeScriptParserMixin.parseExprOps (D:\works\project\ezTest\TestTool\frontend\node_modules\@babel\parser\lib\index.js:10904:23)
      at TypeScriptParserMixin.parseMaybeConditional (D:\works\project\ezTest\TestTool\frontend\node_modules\@babel\parser\lib\index.js:10881:23)
      at TypeScriptParserMixin.parseMaybeAssign (D:\works\project\ezTest\TestTool\frontend\node_modules\@babel\parser\lib\index.js:10831:21)
      at D:\works\project\ezTest\TestTool\frontend\node_modules\@babel\parser\lib\index.js:9775:39
      at TypeScriptParserMixin.tryParse (D:\works\project\ezTest\TestTool\frontend\node_modules\@babel\parser\lib\index.js:6907:20)
      at TypeScriptParserMixin.parseMaybeAssign (D:\works\project\ezTest\TestTool\frontend\node_modules\@babel\parser\lib\index.js:9775:18)
      at D:\works\project\ezTest\TestTool\frontend\node_modules\@babel\parser\lib\index.js:10800:39
      at TypeScriptParserMixin.allowInAnd (D:\works\project\ezTest\TestTool\frontend\node_modules\@babel\parser\lib\index.js:12426:12)
      at TypeScriptParserMixin.parseMaybeAssignAllowIn (D:\works\project\ezTest\TestTool\frontend\node_modules\@babel\parser\lib\index.js:10800:17)
      at TypeScriptParserMixin.parseMaybeAssignAllowInOrVoidPattern (D:\works\project\ezTest\TestTool\frontend\node_modules\@babel\parser\lib\index.js:12493:17)
      at TypeScriptParserMixin.parseParenAndDistinguishExpression (D:\works\project\ezTest\TestTool\frontend\node_modules\@babel\parser\lib\index.js:11675:28)
      at TypeScriptParserMixin.parseExprAtom (D:\works\project\ezTest\TestTool\frontend\node_modules\@babel\parser\lib\index.js:11331:23)
      at TypeScriptParserMixin.parseExprAtom (D:\works\project\ezTest\TestTool\frontend\node_modules\@babel\parser\lib\index.js:4764:20)
      at TypeScriptParserMixin.parseExprSubscripts (D:\works\project\ezTest\TestTool\frontend\node_modules\@babel\parser\lib\index.js:11081:23)
      at TypeScriptParserMixin.parseUpdate (D:\works\project\ezTest\TestTool\frontend\node_modules\@babel\parser\lib\index.js:11066:21)
      at TypeScriptParserMixin.parseMaybeUnary (D:\works\project\ezTest\TestTool\frontend\node_modules\@babel\parser\lib\index.js:11046:23)
      at TypeScriptParserMixin.parseMaybeUnary (D:\works\project\ezTest\TestTool\frontend\node_modules\@babel\parser\lib\index.js:9837:18)
      at TypeScriptParserMixin.parseMaybeUnaryOrPrivate (D:\works\project\ezTest\TestTool\frontend\node_modules\@babel\parser\lib\index.js:10899:61)
      at TypeScriptParserMixin.parseExprOps (D:\works\project\ezTest\TestTool\frontend\node_modules\@babel\parser\lib\index.js:10904:23)
      at TypeScriptParserMixin.parseMaybeConditional (D:\works\project\ezTest\TestTool\frontend\node_modules\@babel\parser\lib\index.js:10881:23)
      at TypeScriptParserMixin.parseMaybeAssign (D:\works\project\ezTest\TestTool\frontend\node_modules\@babel\parser\lib\index.js:10831:21)
      at TypeScriptParserMixin.parseMaybeAssign (D:\works\project\ezTest\TestTool\frontend\node_modules\@babel\parser\lib\index.js:9786:20)
      at D:\works\project\ezTest\TestTool\frontend\node_modules\@babel\parser\lib\index.js:10800:39
      at TypeScriptParserMixin.allowInAnd (D:\works\project\ezTest\TestTool\frontend\node_modules\@babel\parser\lib\index.js:12426:12)
      at TypeScriptParserMixin.parseMaybeAssignAllowIn (D:\works\project\ezTest\TestTool\frontend\node_modules\@babel\parser\lib\index.js:10800:17)
      at TypeScriptParserMixin.parseConditional (D:\works\project\ezTest\TestTool\frontend\node_modules\@babel\parser\lib\index.js:10891:30)
      at TypeScriptParserMixin.parseConditional (D:\works\project\ezTest\TestTool\frontend\node_modules\@babel\parser\lib\index.js:9603:18)
      at TypeScriptParserMixin.parseMaybeConditional (D:\works\project\ezTest\TestTool\frontend\node_modules\@babel\parser\lib\index.js:10885:17)
      at TypeScriptParserMixin.parseMaybeAssign (D:\works\project\ezTest\TestTool\frontend\node_modules\@babel\parser\lib\index.js:10831:21)
      at TypeScriptParserMixin.parseMaybeAssign (D:\works\project\ezTest\TestTool\frontend\node_modules\@babel\parser\lib\index.js:9786:20)
      at TypeScriptParserMixin.parseExpressionBase (D:\works\project\ezTest\TestTool\frontend\node_modules\@babel\parser\lib\index.js:10784:23)
      at D:\works\project\ezTest\TestTool\frontend\node_modules\@babel\parser\lib\index.js:10780:39
      at TypeScriptParserMixin.allowInAnd (D:\works\project\ezTest\TestTool\frontend\node_modules\@babel\parser\lib\index.js:12426:12)
      at TypeScriptParserMixin.parseExpression (D:\works\project\ezTest\TestTool\frontend\node_modules\@babel\parser\lib\index.js:10780:17)
      at TypeScriptParserMixin.jsxParseExpressionContainer (D:\works\project\ezTest\TestTool\frontend\node_modules\@babel\parser\lib\index.js:4632:31)
      at TypeScriptParserMixin.jsxParseElementAt (D:\works\project\ezTest\TestTool\frontend\node_modules\@babel\parser\lib\index.js:4711:36)
      at TypeScriptParserMixin.jsxParseElementAt (D:\works\project\ezTest\TestTool\frontend\node_modules\@babel\parser\lib\index.js:4698:32)
      at TypeScriptParserMixin.jsxParseElementAt (D:\works\project\ezTest\TestTool\frontend\node_modules\@babel\parser\lib\index.js:4698:32)
      at TypeScriptParserMixin.jsxParseElementAt (D:\works\project\ezTest\TestTool\frontend\node_modules\@babel\parser\lib\index.js:4698:32)
      at TypeScriptParserMixin.jsxParseElementAt (D:\works\project\ezTest\TestTool\frontend\node_modules\@babel\parser\lib\index.js:4698:32)
