INFO  [alembic.runtime.migration] Context impl PostgresqlImpl.
INFO  [alembic.runtime.migration] Will assume transactional DDL.
INFO  [alembic.runtime.migration] Running upgrade 20260326_000006 -> 20260327_000007, Add scheduled jobs and execution trigger source.
Traceback (most recent call last):
  File "D:\works\python\Lib\site-packages\sqlalchemy\engine\base.py", line 1967, in _exec_single_context
    self.dialect.do_execute(
  File "D:\works\python\Lib\site-packages\sqlalchemy\engine\default.py", line 952, in do_execute
    cursor.execute(statement, parameters)
  File "D:\works\python\Lib\site-packages\psycopg\cursor.py", line 117, in execute
    raise ex.with_traceback(None)
psycopg.errors.UndefinedObject: type "executiontriggersource" does not exist
LINE 1: ALTER TABLE executions ADD COLUMN trigger_source executiontr...
                                                         ^

The above exception was the direct cause of the following exception:

Traceback (most recent call last):
  File "<frozen runpy>", line 198, in _run_module_as_main
  File "<frozen runpy>", line 88, in _run_code
  File "D:\works\project\ezTest\TestTool\src\requesttool\__main__.py", line 4, in <module>
    raise SystemExit(main())
                     ^^^^^^
  File "D:\works\project\ezTest\TestTool\src\requesttool\cli.py", line 41, in main
    return _run_worker(run_once=args.once)
           ^^^^^^^^^^^^^^^^^^^^^^^^^^^^^^^
  File "D:\works\project\ezTest\TestTool\src\requesttool\cli.py", line 59, in _run_worker
    return worker_main()
           ^^^^^^^^^^^^^
  File "D:\works\project\ezTest\TestTool\backend\app\worker.py", line 36, in main
    bootstrap_database()
  File "D:\works\project\ezTest\TestTool\backend\app\core\database.py", line 29, in bootstrap_database
    run_migrations()
  File "D:\works\project\ezTest\TestTool\backend\app\core\database.py", line 36, in run_migrations
    command.upgrade(alembic_config, revision)
  File "D:\works\python\Lib\site-packages\alembic\command.py", line 483, in upgrade
    script.run_env()
  File "D:\works\python\Lib\site-packages\alembic\script\base.py", line 545, in run_env
    util.load_python_file(self.dir, "env.py")
  File "D:\works\python\Lib\site-packages\alembic\util\pyfiles.py", line 116, in load_python_file
    module = load_module_py(module_id, path)
             ^^^^^^^^^^^^^^^^^^^^^^^^^^^^^^^
  File "D:\works\python\Lib\site-packages\alembic\util\pyfiles.py", line 136, in load_module_py
    spec.loader.exec_module(module)  # type: ignore
    ^^^^^^^^^^^^^^^^^^^^^^^^^^^^^^^
  File "<frozen importlib._bootstrap_external>", line 999, in exec_module
  File "<frozen importlib._bootstrap>", line 488, in _call_with_frames_removed
  File "D:\works\project\ezTest\TestTool\alembic\env.py", line 59, in <module>
    run_migrations_online()
  File "D:\works\project\ezTest\TestTool\alembic\env.py", line 53, in run_migrations_online
    context.run_migrations()
  File "<string>", line 8, in run_migrations
  File "D:\works\python\Lib\site-packages\alembic\runtime\environment.py", line 969, in run_migrations
    self.get_context().run_migrations(**kw)
  File "D:\works\python\Lib\site-packages\alembic\runtime\migration.py", line 626, in run_migrations
    step.migration_fn(**kw)
  File "D:\works\project\ezTest\TestTool\alembic\versions\20260327_000007_scheduled_jobs.py", line 92, in upgrade
    with op.batch_alter_table("executions") as batch_op:
         ^^^^^^^^^^^^^^^^^^^^^^^^^^^^^^^^^^
  File "D:\works\python\Lib\contextlib.py", line 144, in __exit__
    next(self.gen)
  File "D:\works\python\Lib\site-packages\alembic\operations\base.py", line 408, in batch_alter_table
    impl.flush()
  File "D:\works\python\Lib\site-packages\alembic\operations\batch.py", line 115, in flush
    fn(*arg, **kw)
  File "D:\works\python\Lib\site-packages\alembic\ddl\impl.py", line 392, in add_column
    self._exec(
  File "D:\works\python\Lib\site-packages\alembic\ddl\impl.py", line 256, in _exec
    return conn.execute(construct, params)
           ^^^^^^^^^^^^^^^^^^^^^^^^^^^^^^^
  File "D:\works\python\Lib\site-packages\sqlalchemy\engine\base.py", line 1419, in execute
    return meth(
           ^^^^^
  File "D:\works\python\Lib\site-packages\sqlalchemy\sql\ddl.py", line 187, in _execute_on_connection
    return connection._execute_ddl(
           ^^^^^^^^^^^^^^^^^^^^^^^^
  File "D:\works\python\Lib\site-packages\sqlalchemy\engine\base.py", line 1530, in _execute_ddl
    ret = self._execute_context(
          ^^^^^^^^^^^^^^^^^^^^^^
  File "D:\works\python\Lib\site-packages\sqlalchemy\engine\base.py", line 1846, in _execute_context
    return self._exec_single_context(
           ^^^^^^^^^^^^^^^^^^^^^^^^^^
  File "D:\works\python\Lib\site-packages\sqlalchemy\engine\base.py", line 1986, in _exec_single_context
    self._handle_dbapi_exception(
  File "D:\works\python\Lib\site-packages\sqlalchemy\engine\base.py", line 2363, in _handle_dbapi_exception
    raise sqlalchemy_exception.with_traceback(exc_info[2]) from e
  File "D:\works\python\Lib\site-packages\sqlalchemy\engine\base.py", line 1967, in _exec_single_context
    self.dialect.do_execute(
  File "D:\works\python\Lib\site-packages\sqlalchemy\engine\default.py", line 952, in do_execute
    cursor.execute(statement, parameters)
  File "D:\works\python\Lib\site-packages\psycopg\cursor.py", line 117, in execute
    raise ex.with_traceback(None)
sqlalchemy.exc.ProgrammingError: (psycopg.errors.UndefinedObject) type "executiontriggersource" does not exist
LINE 1: ALTER TABLE executions ADD COLUMN trigger_source executiontr...
                                                         ^
[SQL: ALTER TABLE executions ADD COLUMN trigger_source executiontriggersource DEFAULT 'manual' NOT NULL]
(Background on this error at: https://sqlalche.me/e/20/f405)
